INFO 2025-12-27 18:44:22 rbac_middleware 15500 14824 Unauthenticated access: GET /api/v2/core/me/dashboard/
INFO 2025-12-27 18:44:22 rbac_middleware 15500 32248 Unauthenticated access: GET /api/seasons/
INFO 2025-12-27 18:44:22 rbac_middleware 15500 14824 Unauthenticated access: GET /api/v2/core/me/dashboard/
INFO 2025-12-27 18:44:22 rbac_middleware 15500 32248 Unauthenticated access: GET /api/seasons/
INFO 2025-12-27 18:50:58 rbac_middleware 15500 28856 Unauthenticated access: GET /api/seasons/
INFO 2025-12-27 18:50:58 rbac_middleware 15500 28856 Unauthenticated access: GET /api/seasons/
INFO 2025-12-27 18:50:58 rbac_middleware 15500 29888 Unauthenticated access: GET /api/v2/core/me/dashboard/
INFO 2025-12-27 18:50:58 rbac_middleware 15500 29888 Unauthenticated access: GET /api/v2/core/me/dashboard/
INFO 2025-12-27 18:51:04 rbac_middleware 15500 34172 Unauthenticated access: POST /api/auth/login/
INFO 2025-12-27 18:51:11 rbac_middleware 15500 34172 Unauthenticated access: GET /api/accounts/profile/
INFO 2025-12-27 18:51:12 rbac_middleware 15500 4548 Unauthenticated access: GET /api/donations/donations/
INFO 2025-12-27 18:51:12 rbac_middleware 15500 34172 Unauthenticated access: GET /api/donations/donations/
INFO 2025-12-27 18:51:13 rbac_middleware 15500 28536 Unauthenticated access: GET /api/v2/core/me/activity/
INFO 2025-12-27 18:51:13 rbac_middleware 15500 17140 Unauthenticated access: GET /api/v2/core/me/dashboard/
INFO 2025-12-27 18:51:14 rbac_middleware 15500 32600 Unauthenticated access: GET /api/v2/core/me/activity/
INFO 2025-12-27 18:51:14 rbac_middleware 15500 5288 Unauthenticated access: GET /api/v2/core/me/dashboard/
INFO 2025-12-27 18:51:14 rbac_middleware 15500 34172 Unauthenticated access: GET /api/donations/donations/
INFO 2025-12-27 18:51:14 rbac_middleware 15500 32600 Unauthenticated access: GET /api/v2/core/me/activity/
INFO 2025-12-27 18:51:14 rbac_middleware 15500 34172 Unauthenticated access: GET /api/donations/donations/
INFO 2025-12-27 18:51:14 rbac_middleware 15500 32600 Unauthenticated access: GET /api/v2/core/me/activity/
INFO 2025-12-27 18:51:14 rbac_middleware 15500 32600 Unauthenticated access: GET /api/v2/core/me/activity/
INFO 2025-12-27 18:51:14 rbac_middleware 15500 5288 Unauthenticated access: GET /api/v2/core/me/activity/
INFO 2025-12-27 18:51:18 rbac_middleware 15500 34172 Unauthenticated access: GET /api/seasons/
INFO 2025-12-27 18:51:18 rbac_middleware 15500 5288 Unauthenticated access: GET /api/v2/core/me/dashboard/
INFO 2025-12-27 18:51:18 rbac_middleware 15500 34172 Unauthenticated access: GET /api/seasons/
INFO 2025-12-27 18:51:18 rbac_middleware 15500 5288 Unauthenticated access: GET /api/v2/core/me/dashboard/
INFO 2025-12-27 18:51:19 rbac_middleware 15500 5288 Unauthenticated access: GET /api/v2/core/me/dashboard/
INFO 2025-12-27 18:51:19 rbac_middleware 15500 5288 Unauthenticated access: GET /api/v2/core/me/dashboard/
INFO 2025-12-27 18:51:36 rbac_middleware 15500 30780 Unauthenticated access: GET /api/participants/
INFO 2025-12-27 18:51:36 rbac_middleware 15500 30780 Unauthenticated access: GET /api/participants/
INFO 2025-12-27 18:51:38 rbac_middleware 15500 30780 Unauthenticated access: GET /api/seasons/
INFO 2025-12-27 18:51:38 rbac_middleware 15500 30780 Unauthenticated access: GET /api/seasons/
INFO 2025-12-27 18:51:38 rbac_middleware 15500 25896 Unauthenticated access: GET /api/v2/core/me/dashboard/
INFO 2025-12-27 18:51:38 rbac_middleware 15500 25896 Unauthenticated access: GET /api/v2/core/me/dashboard/
INFO 2025-12-27 18:51:38 rbac_middleware 15500 25896 Unauthenticated access: GET /api/v2/core/me/dashboard/
INFO 2025-12-27 18:51:38 rbac_middleware 15500 25896 Unauthenticated access: GET /api/v2/core/me/dashboard/
INFO 2025-12-27 18:51:40 rbac_middleware 15500 30780 Unauthenticated access: GET /api/participants/
INFO 2025-12-27 18:51:40 rbac_middleware 15500 30780 Unauthenticated access: GET /api/participants/
INFO 2025-12-27 18:51:41 rbac_middleware 15500 30780 Unauthenticated access: GET /api/seasons/
INFO 2025-12-27 18:51:41 rbac_middleware 15500 30780 Unauthenticated access: GET /api/seasons/
INFO 2025-12-27 18:51:41 rbac_middleware 15500 25896 Unauthenticated access: GET /api/v2/core/me/dashboard/
INFO 2025-12-27 18:51:41 rbac_middleware 15500 25896 Unauthenticated access: GET /api/v2/core/me/dashboard/
INFO 2025-12-27 18:51:41 rbac_middleware 15500 25896 Unauthenticated access: GET /api/v2/core/me/dashboard/
INFO 2025-12-27 18:51:41 rbac_middleware 15500 25896 Unauthenticated access: GET /api/v2/core/me/dashboard/
INFO 2025-12-27 18:52:02 rbac_middleware 15500 25896 Unauthenticated access: GET /api/v2/core/me/dashboard/
INFO 2025-12-27 18:52:02 rbac_middleware 15500 30780 Unauthenticated access: GET /api/seasons/
INFO 2025-12-27 18:52:02 rbac_middleware 15500 25896 Unauthenticated access: GET /api/v2/core/me/dashboard/
INFO 2025-12-27 18:52:02 rbac_middleware 15500 30780 Unauthenticated access: GET /api/seasons/
INFO 2025-12-27 18:52:03 rbac_middleware 15500 25896 Unauthenticated access: GET /api/v2/core/me/dashboard/
INFO 2025-12-27 18:52:03 rbac_middleware 15500 25896 Unauthenticated access: GET /api/v2/core/me/dashboard/
INFO 2025-12-27 18:52:09 rbac_middleware 15500 30780 Unauthenticated access: GET /api/seasons/
INFO 2025-12-27 18:52:09 rbac_middleware 15500 25896 Unauthenticated access: GET /api/v2/core/me/dashboard/
INFO 2025-12-27 18:52:09 rbac_middleware 15500 30780 Unauthenticated access: GET /api/seasons/
INFO 2025-12-27 18:52:09 rbac_middleware 15500 25896 Unauthenticated access: GET /api/v2/core/me/dashboard/
INFO 2025-12-27 18:52:09 rbac_middleware 15500 25896 Unauthenticated access: GET /api/v2/core/me/dashboard/
INFO 2025-12-27 18:52:09 rbac_middleware 15500 25896 Unauthenticated access: GET /api/v2/core/me/dashboard/
INFO 2025-12-27 18:52:11 rbac_middleware 15500 30780 Unauthenticated access: GET /api/participants/dashboard/
INFO 2025-12-27 18:52:11 rbac_middleware 15500 30780 Unauthenticated access: GET /api/participants/dashboard/
INFO 2025-12-27 18:52:48 rbac_middleware 15500 34100 Unauthenticated access: GET /api/seasons/
INFO 2025-12-27 18:52:48 rbac_middleware 15500 34100 Unauthenticated access: GET /api/seasons/
INFO 2025-12-27 18:52:49 rbac_middleware 15500 18316 Unauthenticated access: GET /api/v2/core/me/dashboard/
INFO 2025-12-27 18:52:49 rbac_middleware 15500 18316 Unauthenticated access: GET /api/v2/core/me/dashboard/
INFO 2025-12-27 18:52:49 rbac_middleware 15500 18316 Unauthenticated access: GET /api/v2/core/me/dashboard/
INFO 2025-12-27 18:52:49 rbac_middleware 15500 18316 Unauthenticated access: GET /api/v2/core/me/dashboard/
INFO 2025-12-27 18:53:30 rbac_middleware 15500 34100 Unauthenticated access: GET /api/games/games/
INFO 2025-12-27 18:53:30 rbac_middleware 15500 29880 Unauthenticated access: GET /api/games/quiz/quizzes/
INFO 2025-12-27 18:53:31 rbac_middleware 15500 29880 Unauthenticated access: GET /api/games/quiz/quizzes/
INFO 2025-12-27 18:53:31 rbac_middleware 15500 29880 Unauthenticated access: GET /api/games/games/
INFO 2025-12-27 19:02:48 rbac_middleware 11540 29772 Unauthenticated access: GET /api/accounts/profile/
INFO 2025-12-27 19:02:48 rbac_middleware 11540 29772 Unauthenticated access: GET /api/accounts/profile/
INFO 2025-12-27 19:02:50 rbac_middleware 11540 29772 Unauthenticated access: POST /api/auth/login/
INFO 2025-12-27 19:02:55 rbac_middleware 11540 29380 Unauthenticated access: POST /api/auth/login/
INFO 2025-12-27 19:02:59 rbac_middleware 11540 29380 Unauthenticated access: GET /api/accounts/profile/
INFO 2025-12-27 19:03:00 rbac_middleware 11540 29380 Unauthenticated access: GET /api/donations/donations/
INFO 2025-12-27 19:03:00 rbac_middleware 11540 29380 Unauthenticated access: GET /api/donations/donations/
INFO 2025-12-27 19:03:00 rbac_middleware 11540 30988 Unauthenticated access: GET /api/v2/core/me/activity/
INFO 2025-12-27 19:03:00 rbac_middleware 11540 30988 Unauthenticated access: GET /api/v2/core/me/dashboard/
INFO 2025-12-27 19:03:00 rbac_middleware 11540 26280 Unauthenticated access: GET /api/v2/core/me/activity/
INFO 2025-12-27 19:03:00 rbac_middleware 11540 30988 Unauthenticated access: GET /api/v2/core/me/dashboard/
INFO 2025-12-27 19:03:00 rbac_middleware 11540 26280 Unauthenticated access: GET /api/v2/core/me/activity/
INFO 2025-12-27 19:03:00 rbac_middleware 11540 26280 Unauthenticated access: GET /api/v2/core/me/activity/
INFO 2025-12-27 19:03:00 rbac_middleware 11540 26280 Unauthenticated access: GET /api/v2/core/me/activity/
INFO 2025-12-27 19:03:00 rbac_middleware 11540 29380 Unauthenticated access: GET /api/donations/donations/
INFO 2025-12-27 19:03:00 rbac_middleware 11540 26280 Unauthenticated access: GET /api/v2/core/me/activity/
INFO 2025-12-27 19:03:00 rbac_middleware 11540 29380 Unauthenticated access: GET /api/donations/donations/
INFO 2025-12-27 19:03:16 rbac_middleware 11540 32192 Unauthenticated access: GET /api/v2/kixikila/contributions/my_reputation/
INFO 2025-12-27 19:03:16 rbac_middleware 11540 32192 Unauthenticated access: GET /api/v2/kixikila/contributions/my_reputation/
INFO 2025-12-27 19:03:52 rbac_middleware 11540 31696 Unauthenticated access: GET /api/seasons/
INFO 2025-12-27 19:03:52 rbac_middleware 11540 31696 Unauthenticated access: GET /api/seasons/
INFO 2025-12-27 19:03:53 rbac_middleware 11540 26060 Unauthenticated access: GET /api/v2/core/me/dashboard/
INFO 2025-12-27 19:03:53 rbac_middleware 11540 26060 Unauthenticated access: GET /api/v2/core/me/dashboard/
INFO 2025-12-27 19:03:53 rbac_middleware 11540 26060 Unauthenticated access: GET /api/v2/core/me/dashboard/
INFO 2025-12-27 19:03:53 rbac_middleware 11540 26060 Unauthenticated access: GET /api/v2/core/me/dashboard/
INFO 2025-12-27 19:04:19 rbac_middleware 11540 34712 Unauthenticated access: POST /api/auth/login/
INFO 2025-12-27 19:04:32 rbac_middleware 11540 34712 Unauthenticated access: POST /api/auth/login/
INFO 2025-12-27 19:04:45 rbac_middleware 11540 34712 Unauthenticated access: POST /api/auth/login/
INFO 2025-12-27 19:04:47 rbac_middleware 11540 34712 Unauthenticated access: GET /api/v2/core/me/dashboard/
INFO 2025-12-27 19:05:04 rbac_middleware 11540 34712 Unauthenticated access: POST /api/auth/login/
INFO 2025-12-27 19:05:07 rbac_middleware 11540 34712 Unauthenticated access: GET /api/v2/core/me/dashboard/
INFO 2025-12-27 19:05:24 rbac_middleware 11540 34712 Unauthenticated access: POST /api/auth/login/
INFO 2025-12-27 19:05:25 rbac_middleware 11540 34712 Unauthenticated access: GET /api/v2/core/me/dashboard/
INFO 2025-12-27 19:05:55 rbac_middleware 11540 31696 Unauthenticated access: GET /api/seasons/
INFO 2025-12-27 19:05:55 rbac_middleware 11540 26060 Unauthenticated access: GET /api/v2/core/me/dashboard/
INFO 2025-12-27 19:05:55 rbac_middleware 11540 26060 Unauthenticated access: GET /api/v2/core/me/dashboard/
INFO 2025-12-27 19:07:25 rbac_middleware 11540 29292 Unauthenticated access: GET /api/accounts/profile/
INFO 2025-12-27 19:07:25 rbac_middleware 11540 29292 Unauthenticated access: GET /api/accounts/profile/
INFO 2025-12-27 19:07:27 rbac_middleware 11540 29292 Unauthenticated access: POST /api/auth/login/
INFO 2025-12-27 19:07:37 rbac_middleware 11540 34372 Unauthenticated access: GET /api/accounts/profile/
INFO 2025-12-27 19:07:37 rbac_middleware 11540 34372 Unauthenticated access: GET /api/donations/donations/
INFO 2025-12-27 19:07:37 rbac_middleware 11540 13000 Unauthenticated access: GET /api/donations/donations/
INFO 2025-12-27 19:07:37 rbac_middleware 11540 28784 Unauthenticated access: GET /api/v2/core/me/activity/
INFO 2025-12-27 19:07:37 rbac_middleware 11540 34412 Unauthenticated access: GET /api/v2/core/me/dashboard/
INFO 2025-12-27 19:07:37 rbac_middleware 11540 28784 Unauthenticated access: GET /api/v2/core/me/activity/
INFO 2025-12-27 19:07:38 rbac_middleware 11540 28784 Unauthenticated access: GET /api/v2/core/me/activity/
INFO 2025-12-27 19:07:38 rbac_middleware 11540 34412 Unauthenticated access: GET /api/v2/core/me/dashboard/
INFO 2025-12-27 19:07:38 rbac_middleware 11540 28784 Unauthenticated access: GET /api/v2/core/me/activity/
INFO 2025-12-27 19:07:38 rbac_middleware 11540 13000 Unauthenticated access: GET /api/donations/donations/
INFO 2025-12-27 19:07:38 rbac_middleware 11540 34412 Unauthenticated access: GET /api/v2/core/me/activity/
INFO 2025-12-27 19:07:38 rbac_middleware 11540 13000 Unauthenticated access: GET /api/donations/donations/
INFO 2025-12-27 19:07:38 rbac_middleware 11540 34412 Unauthenticated access: GET /api/v2/core/me/activity/
INFO 2025-12-27 19:07:42 rbac_middleware 11540 34412 Unauthenticated access: GET /api/v2/core/me/dashboard/
INFO 2025-12-27 19:07:42 rbac_middleware 11540 13000 Unauthenticated access: GET /api/seasons/
INFO 2025-12-27 19:07:42 rbac_middleware 11540 34412 Unauthenticated access: GET /api/v2/core/me/dashboard/
INFO 2025-12-27 19:07:42 rbac_middleware 11540 13000 Unauthenticated access: GET /api/seasons/
INFO 2025-12-27 19:07:43 rbac_middleware 11540 28784 Unauthenticated access: GET /api/v2/core/me/dashboard/
INFO 2025-12-27 19:07:43 rbac_middleware 11540 28784 Unauthenticated access: GET /api/v2/core/me/dashboard/
INFO 2025-12-28 02:53:32 rbac_middleware 11540 33048 Unauthenticated access: POST /api/auth/login/
INFO 2025-12-28 02:53:35 rbac_middleware 11540 33048 Unauthenticated access: GET /api/v2/core/me/dashboard/
INFO 2025-12-28 02:57:59 rbac_middleware 11540 24524 Unauthenticated access: GET /api/seasons/
INFO 2025-12-28 02:58:00 rbac_middleware 11540 34776 Unauthenticated access: GET /api/accounts/profile/
INFO 2025-12-28 02:58:00 rbac_middleware 11540 34764 Unauthenticated access: GET /api/v2/core/me/dashboard/
INFO 2025-12-28 02:58:00 rbac_middleware 11540 34224 Unauthenticated access: GET /api/accounts/profile/
INFO 2025-12-28 02:58:00 rbac_middleware 11540 24524 Unauthenticated access: GET /api/seasons/
INFO 2025-12-28 02:58:00 rbac_middleware 11540 34764 Unauthenticated access: GET /api/v2/core/me/dashboard/
INFO 2025-12-28 02:58:00 rbac_middleware 11540 34776 Unauthenticated access: POST /api/auth/refresh/
INFO 2025-12-28 02:58:00 rbac_middleware 11540 34224 Unauthenticated access: POST /api/auth/refresh/
INFO 2025-12-28 02:58:29 rbac_middleware 11540 19300 Unauthenticated access: POST /api/auth/login/
INFO 2025-12-28 02:58:34 rbac_middleware 11540 19300 Unauthenticated access: GET /api/accounts/profile/
INFO 2025-12-28 02:58:34 rbac_middleware 11540 19300 Unauthenticated access: GET /api/donations/donations/
INFO 2025-12-28 02:58:34 rbac_middleware 11540 19300 Unauthenticated access: GET /api/donations/donations/
INFO 2025-12-28 02:58:34 rbac_middleware 11540 27280 Unauthenticated access: GET /api/v2/core/me/activity/
INFO 2025-12-28 02:58:34 rbac_middleware 11540 22872 Unauthenticated access: GET /api/v2/core/me/dashboard/
INFO 2025-12-28 02:58:34 rbac_middleware 11540 27280 Unauthenticated access: GET /api/v2/core/me/activity/
INFO 2025-12-28 02:58:34 rbac_middleware 11540 22872 Unauthenticated access: GET /api/v2/core/me/dashboard/
INFO 2025-12-28 02:58:34 rbac_middleware 11540 27280 Unauthenticated access: GET /api/v2/core/me/activity/
INFO 2025-12-28 02:58:34 rbac_middleware 11540 24336 Unauthenticated access: GET /api/v2/core/me/activity/
INFO 2025-12-28 02:58:34 rbac_middleware 11540 22872 Unauthenticated access: GET /api/v2/core/me/activity/
INFO 2025-12-28 02:58:34 rbac_middleware 11540 19300 Unauthenticated access: GET /api/donations/donations/
INFO 2025-12-28 02:58:35 rbac_middleware 11540 22872 Unauthenticated access: GET /api/v2/core/me/activity/
INFO 2025-12-28 02:58:35 rbac_middleware 11540 19300 Unauthenticated access: GET /api/donations/donations/
INFO 2025-12-28 02:58:42 rbac_middleware 11540 19300 Unauthenticated access: GET /api/seasons/
INFO 2025-12-28 02:58:42 rbac_middleware 11540 22872 Unauthenticated access: GET /api/v2/core/me/dashboard/
INFO 2025-12-28 02:58:42 rbac_middleware 11540 26720 Unauthenticated access: GET /api/seasons/
INFO 2025-12-28 02:58:42 rbac_middleware 11540 22872 Unauthenticated access: GET /api/v2/core/me/dashboard/
INFO 2025-12-28 02:58:42 rbac_middleware 11540 22872 Unauthenticated access: GET /api/v2/core/me/dashboard/
INFO 2025-12-28 02:58:42 rbac_middleware 11540 24336 Unauthenticated access: GET /api/v2/core/me/dashboard/
INFO 2025-12-28 02:59:25 rbac_middleware 11540 24336 Unauthenticated access: GET /api/v2/kixikila/contributions/my_reputation/
INFO 2025-12-28 02:59:25 rbac_middleware 11540 24336 Unauthenticated access: GET /api/v2/kixikila/contributions/my_reputation/
INFO 2025-12-28 03:01:20 rbac_middleware 11540 3216 Unauthenticated access: GET /api/seasons/
INFO 2025-12-28 03:01:20 rbac_middleware 11540 32892 Unauthenticated access: GET /api/accounts/profile/
INFO 2025-12-28 03:01:21 rbac_middleware 11540 18504 Unauthenticated access: GET /api/v2/core/me/dashboard/
INFO 2025-12-28 03:01:21 rbac_middleware 11540 3216 Unauthenticated access: GET /api/seasons/
INFO 2025-12-28 03:01:21 rbac_middleware 11540 32892 Unauthenticated access: GET /api/accounts/profile/
INFO 2025-12-28 03:03:52 rbac_middleware 11540 33476 Unauthenticated access: GET /api/seasons/
INFO 2025-12-28 03:03:53 rbac_middleware 11540 2676 Unauthenticated access: GET /api/v2/core/me/dashboard/
INFO 2025-12-28 03:03:53 rbac_middleware 11540 2676 Unauthenticated access: GET /api/v2/core/me/dashboard/
INFO 2025-12-28 03:03:53 rbac_middleware 11540 33476 Unauthenticated access: GET /api/seasons/
INFO 2025-12-28 04:25:44 rbac_middleware 11540 32368 Unauthenticated access: GET /api/seasons/
INFO 2025-12-28 04:25:44 rbac_middleware 11540 14948 Unauthenticated access: GET /api/v2/core/me/dashboard/
INFO 2025-12-28 04:25:44 rbac_middleware 11540 33128 Unauthenticated access: GET /api/v2/core/me/dashboard/
INFO 2025-12-28 04:25:45 rbac_middleware 11540 32368 Unauthenticated access: GET /api/seasons/
INFO 2025-12-28 04:25:48 rbac_middleware 11540 31044 Unauthenticated access: POST /api/auth/login/
INFO 2025-12-28 04:25:52 rbac_middleware 11540 31044 Unauthenticated access: GET /api/accounts/profile/
INFO 2025-12-28 04:25:52 rbac_middleware 11540 31044 Unauthenticated access: GET /api/donations/donations/
INFO 2025-12-28 04:25:52 rbac_middleware 11540 31044 Unauthenticated access: GET /api/donations/donations/
INFO 2025-12-28 04:25:52 rbac_middleware 11540 31072 Unauthenticated access: GET /api/v2/core/me/activity/
INFO 2025-12-28 04:25:52 rbac_middleware 11540 20760 Unauthenticated access: GET /api/v2/core/me/dashboard/
INFO 2025-12-28 04:25:52 rbac_middleware 11540 31072 Unauthenticated access: GET /api/v2/core/me/activity/
INFO 2025-12-28 04:25:52 rbac_middleware 11540 31072 Unauthenticated access: GET /api/v2/core/me/activity/
INFO 2025-12-28 04:25:52 rbac_middleware 11540 20760 Unauthenticated access: GET /api/v2/core/me/dashboard/
INFO 2025-12-28 04:25:52 rbac_middleware 11540 31072 Unauthenticated access: GET /api/v2/core/me/activity/
INFO 2025-12-28 04:25:52 rbac_middleware 11540 20760 Unauthenticated access: GET /api/v2/core/me/activity/
INFO 2025-12-28 04:25:52 rbac_middleware 11540 31044 Unauthenticated access: GET /api/donations/donations/
INFO 2025-12-28 04:25:52 rbac_middleware 11540 20760 Unauthenticated access: GET /api/v2/core/me/activity/
INFO 2025-12-28 04:25:52 rbac_middleware 11540 31044 Unauthenticated access: GET /api/donations/donations/
INFO 2025-12-28 04:43:38 rbac_middleware 11540 35660 Unauthenticated access: GET /api/seasons/
INFO 2025-12-28 04:43:38 rbac_middleware 11540 1756 Unauthenticated access: GET /api/accounts/profile/
INFO 2025-12-28 04:43:38 rbac_middleware 11540 1756 Unauthenticated access: GET /api/accounts/profile/
INFO 2025-12-28 04:43:38 rbac_middleware 11540 35660 Unauthenticated access: GET /api/seasons/
INFO 2025-12-28 04:43:38 rbac_middleware 11540 33100 Unauthenticated access: GET /api/v2/core/me/dashboard/
INFO 2025-12-28 04:43:38 rbac_middleware 11540 33100 Unauthenticated access: GET /api/v2/core/me/dashboard/
INFO 2025-12-28 04:43:43 rbac_middleware 11540 35660 Unauthenticated access: POST /api/auth/login/
INFO 2025-12-28 04:43:47 rbac_middleware 11540 35660 Unauthenticated access: GET /api/accounts/profile/
INFO 2025-12-28 04:43:47 rbac_middleware 11540 35660 Unauthenticated access: GET /api/donations/donations/
INFO 2025-12-28 04:43:47 rbac_middleware 11540 33100 Unauthenticated access: GET /api/v2/core/me/dashboard/
INFO 2025-12-28 04:43:47 rbac_middleware 11540 1756 Unauthenticated access: GET /api/donations/donations/
INFO 2025-12-28 04:43:47 rbac_middleware 11540 2044 Unauthenticated access: GET /api/v2/core/me/activity/
INFO 2025-12-28 04:43:47 rbac_middleware 11540 2044 Unauthenticated access: GET /api/v2/core/me/activity/
INFO 2025-12-28 04:43:47 rbac_middleware 11540 2044 Unauthenticated access: GET /api/v2/core/me/activity/
INFO 2025-12-28 04:43:47 rbac_middleware 11540 33100 Unauthenticated access: GET /api/v2/core/me/dashboard/
INFO 2025-12-28 04:43:47 rbac_middleware 11540 2044 Unauthenticated access: GET /api/v2/core/me/activity/
INFO 2025-12-28 04:43:47 rbac_middleware 11540 33100 Unauthenticated access: GET /api/v2/core/me/activity/
INFO 2025-12-28 04:43:47 rbac_middleware 11540 1756 Unauthenticated access: GET /api/donations/donations/
INFO 2025-12-28 04:43:47 rbac_middleware 11540 1756 Unauthenticated access: GET /api/donations/donations/
INFO 2025-12-28 04:43:47 rbac_middleware 11540 2044 Unauthenticated access: GET /api/v2/core/me/activity/
INFO 2025-12-28 04:43:55 rbac_middleware 11540 35052 Unauthenticated access: GET /api/seasons/
INFO 2025-12-28 04:43:55 rbac_middleware 11540 35052 Unauthenticated access: GET /api/seasons/
INFO 2025-12-28 04:43:55 rbac_middleware 11540 18572 Unauthenticated access: GET /api/v2/core/me/dashboard/
INFO 2025-12-28 04:43:55 rbac_middleware 11540 18572 Unauthenticated access: GET /api/v2/core/me/dashboard/
INFO 2025-12-28 04:43:55 rbac_middleware 11540 18572 Unauthenticated access: GET /api/v2/core/me/dashboard/
INFO 2025-12-28 04:43:55 rbac_middleware 11540 18572 Unauthenticated access: GET /api/v2/core/me/dashboard/
INFO 2025-12-28 04:44:08 rbac_middleware 11540 18572 Unauthenticated access: GET /api/v2/kixikila/groups/
INFO 2025-12-28 04:44:08 rbac_middleware 11540 17604 Unauthenticated access: GET /api/v2/kixikila/groups/
INFO 2025-12-28 04:44:11 rbac_middleware 11540 35052 Unauthenticated access: GET /api/seasons/
INFO 2025-12-28 04:44:11 rbac_middleware 11540 17604 Unauthenticated access: GET /api/v2/core/me/dashboard/
INFO 2025-12-28 04:44:11 rbac_middleware 11540 35052 Unauthenticated access: GET /api/seasons/
INFO 2025-12-28 04:44:11 rbac_middleware 11540 17604 Unauthenticated access: GET /api/v2/core/me/dashboard/
INFO 2025-12-28 04:44:11 rbac_middleware 11540 17604 Unauthenticated access: GET /api/v2/core/me/dashboard/
INFO 2025-12-28 04:44:11 rbac_middleware 11540 17604 Unauthenticated access: GET /api/v2/core/me/dashboard/
INFO 2025-12-28 04:46:07 rbac_middleware 11540 15544 Unauthenticated access: GET /api/v2/kixikila/contributions/my_reputation/
INFO 2025-12-28 04:46:07 rbac_middleware 11540 15544 Unauthenticated access: GET /api/v2/kixikila/contributions/my_reputation/
INFO 2025-12-28 11:03:47 rbac_middleware 11540 30028 Unauthenticated access: GET /api/accounts/profile/
INFO 2025-12-28 11:03:47 rbac_middleware 11540 29316 Unauthenticated access: GET /api/seasons/
INFO 2025-12-28 11:03:47 rbac_middleware 11540 29316 Unauthenticated access: GET /api/seasons/
INFO 2025-12-28 11:03:47 rbac_middleware 11540 30028 Unauthenticated access: GET /api/accounts/profile/
INFO 2025-12-28 11:03:47 rbac_middleware 11540 34424 Unauthenticated access: GET /api/v2/core/me/dashboard/
INFO 2025-12-28 11:03:47 rbac_middleware 11540 34424 Unauthenticated access: GET /api/v2/core/me/dashboard/
INFO 2025-12-28 11:03:47 rbac_middleware 11540 30028 Unauthenticated access: POST /api/auth/refresh/
INFO 2025-12-28 11:03:47 rbac_middleware 11540 29316 Unauthenticated access: POST /api/auth/refresh/
INFO 2025-12-28 11:05:16 rbac_middleware 11540 27956 Unauthenticated access: POST /api/auth/login/
INFO 2025-12-28 11:05:18 rbac_middleware 11540 27956 Unauthenticated access: GET /api/accounts/profile/
INFO 2025-12-28 11:05:18 rbac_middleware 11540 27956 Unauthenticated access: GET /api/donations/donations/
INFO 2025-12-28 11:05:18 rbac_middleware 11540 27956 Unauthenticated access: GET /api/donations/donations/
INFO 2025-12-28 11:05:18 rbac_middleware 11540 840 Unauthenticated access: GET /api/v2/core/me/dashboard/
INFO 2025-12-28 11:05:18 rbac_middleware 11540 30368 Unauthenticated access: GET /api/v2/core/me/activity/
INFO 2025-12-28 11:05:18 rbac_middleware 11540 30368 Unauthenticated access: GET /api/v2/core/me/activity/
INFO 2025-12-28 11:05:18 rbac_middleware 11540 30208 Unauthenticated access: GET /api/v2/core/me/activity/
INFO 2025-12-28 11:05:18 rbac_middleware 11540 840 Unauthenticated access: GET /api/v2/core/me/dashboard/
INFO 2025-12-28 11:05:18 rbac_middleware 11540 30208 Unauthenticated access: GET /api/v2/core/me/activity/
INFO 2025-12-28 11:05:18 rbac_middleware 11540 840 Unauthenticated access: GET /api/v2/core/me/activity/
INFO 2025-12-28 11:05:18 rbac_middleware 11540 27956 Unauthenticated access: GET /api/donations/donations/
INFO 2025-12-28 11:05:18 rbac_middleware 11540 840 Unauthenticated access: GET /api/v2/core/me/activity/
INFO 2025-12-28 11:05:18 rbac_middleware 11540 27956 Unauthenticated access: GET /api/donations/donations/
INFO 2025-12-28 11:05:22 rbac_middleware 11540 27956 Unauthenticated access: GET /api/seasons/
INFO 2025-12-28 11:05:22 rbac_middleware 11540 840 Unauthenticated access: GET /api/v2/core/me/dashboard/
INFO 2025-12-28 11:05:22 rbac_middleware 11540 27956 Unauthenticated access: GET /api/seasons/
INFO 2025-12-28 11:05:22 rbac_middleware 11540 840 Unauthenticated access: GET /api/v2/core/me/dashboard/
INFO 2025-12-28 11:05:22 rbac_middleware 11540 840 Unauthenticated access: GET /api/v2/core/me/dashboard/
INFO 2025-12-28 11:05:22 rbac_middleware 11540 840 Unauthenticated access: GET /api/v2/core/me/dashboard/
INFO 2025-12-28 11:05:28 rbac_middleware 11540 30208 Unauthenticated access: GET /api/v2/kixikila/contributions/my_reputation/
INFO 2025-12-28 11:05:28 rbac_middleware 11540 30208 Unauthenticated access: GET /api/v2/kixikila/contributions/my_reputation/
INFO 2025-12-28 11:05:33 rbac_middleware 11540 27956 Unauthenticated access: GET /api/seasons/
INFO 2025-12-28 11:05:33 rbac_middleware 11540 30208 Unauthenticated access: GET /api/v2/core/me/dashboard/
INFO 2025-12-28 11:05:33 rbac_middleware 11540 27956 Unauthenticated access: GET /api/seasons/
INFO 2025-12-28 11:05:33 rbac_middleware 11540 30208 Unauthenticated access: GET /api/v2/core/me/dashboard/
INFO 2025-12-28 11:05:33 rbac_middleware 11540 30208 Unauthenticated access: GET /api/v2/core/me/dashboard/
INFO 2025-12-28 11:05:33 rbac_middleware 11540 30208 Unauthenticated access: GET /api/v2/core/me/dashboard/
INFO 2025-12-28 11:05:36 rbac_middleware 11540 30208 Unauthenticated access: GET /api/v2/core/me/activity/
INFO 2025-12-28 11:05:36 rbac_middleware 11540 840 Unauthenticated access: GET /api/v2/core/me/dashboard/
INFO 2025-12-28 11:05:36 rbac_middleware 11540 27956 Unauthenticated access: GET /api/donations/donations/
INFO 2025-12-28 11:05:36 rbac_middleware 11540 30368 Unauthenticated access: GET /api/v2/core/me/activity/
INFO 2025-12-28 11:05:36 rbac_middleware 11540 27956 Unauthenticated access: GET /api/donations/donations/
INFO 2025-12-28 11:05:36 rbac_middleware 11540 30368 Unauthenticated access: GET /api/v2/core/me/activity/
INFO 2025-12-28 11:05:36 rbac_middleware 11540 840 Unauthenticated access: GET /api/v2/core/me/dashboard/
INFO 2025-12-28 11:05:36 rbac_middleware 11540 30368 Unauthenticated access: GET /api/v2/core/me/activity/
INFO 2025-12-28 11:05:36 rbac_middleware 11540 840 Unauthenticated access: GET /api/v2/core/me/activity/
INFO 2025-12-28 11:05:36 rbac_middleware 11540 27956 Unauthenticated access: GET /api/donations/donations/
INFO 2025-12-28 11:05:36 rbac_middleware 11540 840 Unauthenticated access: GET /api/v2/core/me/activity/
INFO 2025-12-28 11:05:36 rbac_middleware 11540 27956 Unauthenticated access: GET /api/donations/donations/
INFO 2025-12-28 11:05:39 rbac_middleware 11540 27956 Unauthenticated access: GET /api/seasons/
INFO 2025-12-28 11:05:39 rbac_middleware 11540 27956 Unauthenticated access: GET /api/seasons/
INFO 2025-12-28 11:05:40 rbac_middleware 11540 33528 Unauthenticated access: GET /api/seasons/episodes/
INFO 2025-12-28 11:05:40 rbac_middleware 11540 27956 Unauthenticated access: GET /api/seasons/
INFO 2025-12-28 11:05:40 rbac_middleware 11540 27956 Unauthenticated access: GET /api/seasons/
INFO 2025-12-28 11:05:40 rbac_middleware 11540 33528 Unauthenticated access: GET /api/seasons/episodes/
INFO 2025-12-28 11:05:41 rbac_middleware 11540 33528 Unauthenticated access: GET /api/seasons/
INFO 2025-12-28 11:05:41 rbac_middleware 11540 840 Unauthenticated access: GET /api/v2/core/me/dashboard/
INFO 2025-12-28 11:05:41 rbac_middleware 11540 33528 Unauthenticated access: GET /api/seasons/
INFO 2025-12-28 11:05:41 rbac_middleware 11540 840 Unauthenticated access: GET /api/v2/core/me/dashboard/
INFO 2025-12-28 11:05:41 rbac_middleware 11540 840 Unauthenticated access: GET /api/v2/core/me/dashboard/
INFO 2025-12-28 11:05:41 rbac_middleware 11540 840 Unauthenticated access: GET /api/v2/core/me/dashboard/
INFO 2025-12-28 11:11:04 rbac_middleware 11540 27860 Unauthenticated access: GET /api/seasons/
INFO 2025-12-28 11:11:04 rbac_middleware 11540 27556 Unauthenticated access: GET /api/accounts/profile/
INFO 2025-12-28 11:11:04 rbac_middleware 11540 27556 Unauthenticated access: GET /api/accounts/profile/
INFO 2025-12-28 11:11:04 rbac_middleware 11540 27860 Unauthenticated access: GET /api/seasons/
INFO 2025-12-28 11:11:04 rbac_middleware 11540 29604 Unauthenticated access: GET /api/v2/core/me/dashboard/
INFO 2025-12-28 11:11:04 rbac_middleware 11540 29604 Unauthenticated access: GET /api/v2/core/me/dashboard/
INFO 2025-12-28 11:47:32 rbac_middleware 11540 27416 Unauthenticated access: GET /api/seasons/
INFO 2025-12-28 11:47:32 rbac_middleware 11540 34732 Unauthenticated access: GET /api/v2/core/me/dashboard/
INFO 2025-12-28 11:47:33 rbac_middleware 11540 27416 Unauthenticated access: GET /api/seasons/
INFO 2025-12-28 11:47:33 rbac_middleware 11540 34732 Unauthenticated access: GET /api/v2/core/me/dashboard/
INFO 2025-12-28 11:47:39 rbac_middleware 11540 17504 Unauthenticated access: POST /api/auth/login/
INFO 2025-12-28 11:47:43 rbac_middleware 11540 17504 Unauthenticated access: GET /api/accounts/profile/
INFO 2025-12-28 11:47:43 rbac_middleware 11540 17504 Unauthenticated access: GET /api/donations/donations/
INFO 2025-12-28 11:47:43 rbac_middleware 11540 17504 Unauthenticated access: GET /api/donations/donations/
INFO 2025-12-28 11:47:43 rbac_middleware 11540 15824 Unauthenticated access: GET /api/v2/core/me/activity/
INFO 2025-12-28 11:47:43 rbac_middleware 11540 33952 Unauthenticated access: GET /api/v2/core/me/dashboard/
INFO 2025-12-28 11:47:43 rbac_middleware 11540 15824 Unauthenticated access: GET /api/v2/core/me/activity/
INFO 2025-12-28 11:47:43 rbac_middleware 11540 15824 Unauthenticated access: GET /api/v2/core/me/activity/
INFO 2025-12-28 11:47:43 rbac_middleware 11540 15824 Unauthenticated access: GET /api/v2/core/me/activity/
INFO 2025-12-28 11:47:43 rbac_middleware 11540 33952 Unauthenticated access: GET /api/v2/core/me/dashboard/
INFO 2025-12-28 11:47:43 rbac_middleware 11540 33952 Unauthenticated access: GET /api/v2/core/me/activity/
INFO 2025-12-28 11:47:43 rbac_middleware 11540 17504 Unauthenticated access: GET /api/donations/donations/
INFO 2025-12-28 11:47:43 rbac_middleware 11540 15824 Unauthenticated access: GET /api/v2/core/me/activity/
INFO 2025-12-28 11:47:43 rbac_middleware 11540 17504 Unauthenticated access: GET /api/donations/donations/
INFO 2025-12-28 11:54:08 rbac_middleware 11540 9512 Unauthenticated access: GET /api/seasons/
INFO 2025-12-28 11:54:08 rbac_middleware 11540 28704 Unauthenticated access: GET /api/v2/core/me/dashboard/
INFO 2025-12-28 11:54:08 rbac_middleware 11540 9512 Unauthenticated access: GET /api/seasons/
INFO 2025-12-28 11:54:08 rbac_middleware 11540 28704 Unauthenticated access: GET /api/v2/core/me/dashboard/
INFO 2025-12-28 11:54:08 rbac_middleware 11540 28704 Unauthenticated access: GET /api/v2/core/me/dashboard/
INFO 2025-12-28 11:54:08 rbac_middleware 11540 28704 Unauthenticated access: GET /api/v2/core/me/dashboard/
INFO 2025-12-28 11:54:11 rbac_middleware 11540 28704 Unauthenticated access: GET /api/v2/core/me/activity/
INFO 2025-12-28 11:54:11 rbac_middleware 11540 9512 Unauthenticated access: GET /api/donations/donations/
INFO 2025-12-28 11:54:11 rbac_middleware 11540 2336 Unauthenticated access: GET /api/v2/core/me/dashboard/
INFO 2025-12-28 11:54:11 rbac_middleware 11540 9512 Unauthenticated access: GET /api/donations/donations/
INFO 2025-12-28 11:54:11 rbac_middleware 11540 28704 Unauthenticated access: GET /api/v2/core/me/activity/
INFO 2025-12-28 11:54:11 rbac_middleware 11540 2336 Unauthenticated access: GET /api/v2/core/me/dashboard/
INFO 2025-12-28 11:54:11 rbac_middleware 11540 28704 Unauthenticated access: GET /api/v2/core/me/activity/
INFO 2025-12-28 11:54:11 rbac_middleware 11540 28704 Unauthenticated access: GET /api/v2/core/me/activity/
INFO 2025-12-28 11:54:11 rbac_middleware 11540 28704 Unauthenticated access: GET /api/v2/core/me/activity/
INFO 2025-12-28 11:54:11 rbac_middleware 11540 9512 Unauthenticated access: GET /api/donations/donations/
INFO 2025-12-28 11:54:11 rbac_middleware 11540 28704 Unauthenticated access: GET /api/v2/core/me/activity/
INFO 2025-12-28 11:54:11 rbac_middleware 11540 9512 Unauthenticated access: GET /api/donations/donations/
INFO 2025-12-28 11:54:14 rbac_middleware 11540 9512 Unauthenticated access: GET /api/v2/marketplace/listings/
INFO 2025-12-28 11:54:14 rbac_middleware 11540 33724 Unauthenticated access: GET /api/v2/marketplace/listings/
INFO 2025-12-28 11:54:22 rbac_middleware 11540 33724 Unauthenticated access: GET /api/seasons/
INFO 2025-12-28 11:54:22 rbac_middleware 11540 28704 Unauthenticated access: GET /api/v2/core/me/dashboard/
INFO 2025-12-28 11:54:22 rbac_middleware 11540 33724 Unauthenticated access: GET /api/seasons/
INFO 2025-12-28 11:54:22 rbac_middleware 11540 28704 Unauthenticated access: GET /api/v2/core/me/dashboard/
INFO 2025-12-28 11:54:22 rbac_middleware 11540 28704 Unauthenticated access: GET /api/v2/core/me/dashboard/
INFO 2025-12-28 11:54:22 rbac_middleware 11540 28704 Unauthenticated access: GET /api/v2/core/me/dashboard/
INFO 2025-12-28 11:54:32 rbac_middleware 11540 28704 Unauthenticated access: GET /api/v2/kixikila/contributions/my_reputation/
INFO 2025-12-28 11:54:32 rbac_middleware 11540 28704 Unauthenticated access: GET /api/v2/kixikila/contributions/my_reputation/
INFO 2025-12-28 12:11:21 rbac_middleware 11540 28772 Unauthenticated access: GET /api/seasons/
INFO 2025-12-28 12:11:21 rbac_middleware 11540 5872 Unauthenticated access: GET /api/v2/core/me/dashboard/
INFO 2025-12-28 12:11:23 rbac_middleware 11540 28772 Unauthenticated access: GET /api/seasons/
INFO 2025-12-28 12:11:23 rbac_middleware 11540 5872 Unauthenticated access: GET /api/v2/core/me/dashboard/
INFO 2025-12-28 12:11:23 rbac_middleware 11540 5872 Unauthenticated access: GET /api/v2/core/me/dashboard/
INFO 2025-12-28 12:11:24 rbac_middleware 11540 5872 Unauthenticated access: GET /api/v2/core/me/dashboard/
INFO 2025-12-28 12:11:30 rbac_middleware 11540 28772 Unauthenticated access: GET /api/seasons/
INFO 2025-12-28 12:11:30 rbac_middleware 11540 5872 Unauthenticated access: GET /api/v2/core/me/dashboard/
INFO 2025-12-28 12:11:30 rbac_middleware 11540 28772 Unauthenticated access: GET /api/seasons/
INFO 2025-12-28 12:11:30 rbac_middleware 11540 33904 Unauthenticated access: GET /api/accounts/profile/
INFO 2025-12-28 12:11:30 rbac_middleware 11540 5872 Unauthenticated access: GET /api/v2/core/me/dashboard/
INFO 2025-12-28 12:11:30 rbac_middleware 11540 33904 Unauthenticated access: GET /api/accounts/profile/
INFO 2025-12-28 12:11:34 rbac_middleware 11540 33904 Unauthenticated access: POST /api/auth/login/
INFO 2025-12-28 12:11:36 rbac_middleware 11540 33904 Unauthenticated access: GET /api/accounts/profile/
INFO 2025-12-28 12:11:36 rbac_middleware 11540 33904 Unauthenticated access: GET /api/donations/donations/
INFO 2025-12-28 12:11:36 rbac_middleware 11540 5872 Unauthenticated access: GET /api/v2/core/me/dashboard/
INFO 2025-12-28 12:11:36 rbac_middleware 11540 33904 Unauthenticated access: GET /api/donations/donations/
INFO 2025-12-28 12:11:36 rbac_middleware 11540 5872 Unauthenticated access: GET /api/v2/core/me/activity/
INFO 2025-12-28 12:11:36 rbac_middleware 11540 5872 Unauthenticated access: GET /api/v2/core/me/dashboard/
INFO 2025-12-28 12:11:36 rbac_middleware 11540 5872 Unauthenticated access: GET /api/v2/core/me/activity/
INFO 2025-12-28 12:11:36 rbac_middleware 11540 33904 Unauthenticated access: GET /api/donations/donations/
INFO 2025-12-28 12:11:36 rbac_middleware 11540 5872 Unauthenticated access: GET /api/v2/core/me/activity/
INFO 2025-12-28 12:11:36 rbac_middleware 11540 33904 Unauthenticated access: GET /api/donations/donations/
INFO 2025-12-28 12:11:36 rbac_middleware 11540 5872 Unauthenticated access: GET /api/v2/core/me/activity/
INFO 2025-12-28 12:11:36 rbac_middleware 11540 5872 Unauthenticated access: GET /api/v2/core/me/activity/
INFO 2025-12-28 12:11:36 rbac_middleware 11540 5872 Unauthenticated access: GET /api/v2/core/me/activity/
INFO 2025-12-28 12:11:37 rbac_middleware 11540 26904 Unauthenticated access: GET /api/participants/
INFO 2025-12-28 12:11:38 rbac_middleware 11540 26904 Unauthenticated access: GET /api/participants/
INFO 2025-12-28 12:21:09 rbac_middleware 35224 35344 Unauthenticated access: GET /api/accounts/profile/
INFO 2025-12-28 12:21:09 rbac_middleware 35224 30656 Unauthenticated access: GET /api/seasons/
INFO 2025-12-28 12:21:09 rbac_middleware 35224 33392 Unauthenticated access: GET /api/v2/core/me/dashboard/
INFO 2025-12-28 12:21:09 rbac_middleware 35224 35344 Unauthenticated access: GET /api/accounts/profile/
INFO 2025-12-28 12:21:10 rbac_middleware 35224 30656 Unauthenticated access: GET /api/seasons/
INFO 2025-12-28 12:21:10 rbac_middleware 35224 33392 Unauthenticated access: GET /api/v2/core/me/dashboard/
INFO 2025-12-28 12:21:24 rbac_middleware 35224 33624 Unauthenticated access: POST /api/auth/login/
INFO 2025-12-28 12:21:27 rbac_middleware 35224 33624 Unauthenticated access: GET /api/accounts/profile/
INFO 2025-12-28 12:21:27 rbac_middleware 35224 33624 Unauthenticated access: GET /api/donations/donations/
INFO 2025-12-28 12:21:27 rbac_middleware 35224 33624 Unauthenticated access: GET /api/donations/donations/
INFO 2025-12-28 12:21:27 rbac_middleware 35224 28412 Unauthenticated access: GET /api/v2/core/me/activity/
INFO 2025-12-28 12:21:27 rbac_middleware 35224 17236 Unauthenticated access: GET /api/v2/core/me/dashboard/
INFO 2025-12-28 12:21:27 rbac_middleware 35224 28412 Unauthenticated access: GET /api/v2/core/me/activity/
INFO 2025-12-28 12:21:27 rbac_middleware 35224 28412 Unauthenticated access: GET /api/v2/core/me/activity/
INFO 2025-12-28 12:21:27 rbac_middleware 35224 28412 Unauthenticated access: GET /api/v2/core/me/activity/
INFO 2025-12-28 12:21:27 rbac_middleware 35224 17236 Unauthenticated access: GET /api/v2/core/me/dashboard/
INFO 2025-12-28 12:21:27 rbac_middleware 35224 17236 Unauthenticated access: GET /api/v2/core/me/activity/
INFO 2025-12-28 12:21:27 rbac_middleware 35224 33624 Unauthenticated access: GET /api/donations/donations/
INFO 2025-12-28 12:21:27 rbac_middleware 35224 17236 Unauthenticated access: GET /api/v2/core/me/activity/
INFO 2025-12-28 12:21:27 rbac_middleware 35224 33624 Unauthenticated access: GET /api/donations/donations/
INFO 2025-12-28 12:21:31 rbac_middleware 35224 33624 Unauthenticated access: GET /api/seasons/
INFO 2025-12-28 12:21:31 rbac_middleware 35224 17236 Unauthenticated access: GET /api/v2/core/me/dashboard/
INFO 2025-12-28 12:21:31 rbac_middleware 35224 33624 Unauthenticated access: GET /api/seasons/
INFO 2025-12-28 12:21:31 rbac_middleware 35224 17236 Unauthenticated access: GET /api/v2/core/me/dashboard/
INFO 2025-12-28 12:21:31 rbac_middleware 35224 17236 Unauthenticated access: GET /api/v2/core/me/dashboard/
INFO 2025-12-28 12:21:31 rbac_middleware 35224 17236 Unauthenticated access: GET /api/v2/core/me/dashboard/
INFO 2025-12-28 12:21:41 rbac_middleware 35224 17236 Unauthenticated access: GET /api/v2/kixikila/contributions/my_reputation/
INFO 2025-12-28 12:21:41 rbac_middleware 35224 17236 Unauthenticated access: GET /api/v2/kixikila/contributions/my_reputation/
INFO 2025-12-28 12:24:14 rbac_middleware 35224 16872 Unauthenticated access: POST /api/accounts/login/
INFO 2025-12-28 12:25:21 rbac_middleware 35224 23856 Unauthenticated access: POST /api/auth/login/
INFO 2025-12-28 12:27:45 rbac_middleware 35224 34732 Unauthenticated access: POST /api/auth/login/
INFO 2025-12-28 12:27:46 rbac_middleware 35224 24172 Unauthenticated access: GET /api/accounts/trust/my_trust/
INFO 2025-12-28 12:29:40 rbac_middleware 35224 25296 Unauthenticated access: POST /api/auth/login/
INFO 2025-12-28 12:29:42 rbac_middleware 35224 32988 Unauthenticated access: GET /api/accounts/trust/my_trust/
INFO 2025-12-28 12:29:42 rbac_middleware 35224 33080 Unauthenticated access: POST /api/v2/marketplace/listings/
INFO 2025-12-28 12:29:42 rbac_middleware 35224 33252 Unauthenticated access: POST /api/accounts/trust/verify_email/
INFO 2025-12-28 12:29:42 rbac_middleware 35224 34760 Unauthenticated access: POST /api/accounts/trust/verify_phone/
INFO 2025-12-28 12:29:42 rbac_middleware 35224 35536 Unauthenticated access: GET /api/accounts/trust/my_trust/
INFO 2025-12-28 12:29:42 rbac_middleware 35224 11212 Unauthenticated access: POST /api/v2/marketplace/listings/
INFO 2025-12-30 13:59:57 rbac_middleware 7812 18756 Unauthenticated access: GET /api/seasons/
INFO 2025-12-30 13:59:57 rbac_middleware 7812 18756 Unauthenticated access: GET /api/seasons/
INFO 2025-12-30 13:59:57 rbac_middleware 7812 16304 Unauthenticated access: GET /api/v2/core/me/dashboard/
INFO 2025-12-30 13:59:57 rbac_middleware 7812 16304 Unauthenticated access: GET /api/v2/core/me/dashboard/
INFO 2025-12-30 14:00:03 rbac_middleware 7812 18756 Unauthenticated access: POST /api/auth/login/
INFO 2025-12-30 14:00:08 rbac_middleware 7812 18756 Unauthenticated access: GET /api/accounts/profile/
INFO 2025-12-30 14:00:08 rbac_middleware 7812 18756 Unauthenticated access: GET /api/donations/donations/
INFO 2025-12-30 14:00:08 rbac_middleware 7812 18756 Unauthenticated access: GET /api/donations/donations/
INFO 2025-12-30 14:00:09 rbac_middleware 7812 6168 Unauthenticated access: GET /api/v2/core/me/dashboard/
INFO 2025-12-30 14:00:09 rbac_middleware 7812 16328 Unauthenticated access: GET /api/v2/core/me/activity/
INFO 2025-12-30 14:00:09 rbac_middleware 7812 14692 Unauthenticated access: GET /api/v2/core/me/dashboard/
INFO 2025-12-30 14:00:09 rbac_middleware 7812 16328 Unauthenticated access: GET /api/v2/core/me/activity/
INFO 2025-12-30 14:00:09 rbac_middleware 7812 18756 Unauthenticated access: GET /api/donations/donations/
INFO 2025-12-30 14:00:09 rbac_middleware 7812 18756 Unauthenticated access: GET /api/donations/donations/
INFO 2025-12-30 14:00:09 rbac_middleware 7812 16328 Unauthenticated access: GET /api/v2/core/me/activity/
INFO 2025-12-30 14:00:09 rbac_middleware 7812 16328 Unauthenticated access: GET /api/v2/core/me/activity/
INFO 2025-12-30 14:00:09 rbac_middleware 7812 16328 Unauthenticated access: GET /api/v2/core/me/activity/
INFO 2025-12-30 14:00:09 rbac_middleware 7812 16328 Unauthenticated access: GET /api/v2/core/me/activity/
INFO 2025-12-30 14:00:17 rbac_middleware 7812 18756 Unauthenticated access: GET /api/seasons/
INFO 2025-12-30 14:00:17 rbac_middleware 7812 16328 Unauthenticated access: GET /api/v2/core/me/dashboard/
INFO 2025-12-30 14:00:17 rbac_middleware 7812 18756 Unauthenticated access: GET /api/seasons/
INFO 2025-12-30 14:00:17 rbac_middleware 7812 16328 Unauthenticated access: GET /api/v2/core/me/dashboard/
INFO 2025-12-30 14:00:17 rbac_middleware 7812 16328 Unauthenticated access: GET /api/v2/core/me/dashboard/
INFO 2025-12-30 14:00:17 rbac_middleware 7812 16328 Unauthenticated access: GET /api/v2/core/me/dashboard/
INFO 2025-12-30 14:00:27 rbac_middleware 7812 18756 Unauthenticated access: GET /api/blog/
INFO 2025-12-30 14:00:30 rbac_middleware 7812 6984 Unauthenticated access: GET /api/blog/
INFO 2025-12-30 14:00:34 rbac_middleware 7812 6984 Unauthenticated access: GET /api/seasons/
INFO 2025-12-30 14:00:34 rbac_middleware 7812 6984 Unauthenticated access: GET /api/seasons/
INFO 2025-12-30 14:00:34 rbac_middleware 7812 4908 Unauthenticated access: GET /api/v2/core/me/dashboard/
INFO 2025-12-30 14:00:34 rbac_middleware 7812 4908 Unauthenticated access: GET /api/v2/core/me/dashboard/
INFO 2025-12-30 14:00:34 rbac_middleware 7812 4908 Unauthenticated access: GET /api/v2/core/me/dashboard/
INFO 2025-12-30 14:00:34 rbac_middleware 7812 4908 Unauthenticated access: GET /api/v2/core/me/dashboard/
INFO 2025-12-30 14:00:43 rbac_middleware 7812 1804 Unauthenticated access: GET /api/v2/kixikila/contributions/my_reputation/
INFO 2025-12-30 14:00:43 rbac_middleware 7812 1804 Unauthenticated access: GET /api/v2/kixikila/contributions/my_reputation/
